2026-09-01 13:03:02.806 [info] Reading sessions from keychain...
2026-09-01 13:03:02.806 [info] Getting sessions for all scopes...
2026-09-01 13:03:02.806 [info] Got 0 sessions for ...
2026-09-01 13:03:02.806 [info] Getting sessions for all scopes...
2026-09-01 13:03:02.806 [info] Got 0 sessions for ...
2026-09-01 13:03:02.806 [info] Getting sessions for all scopes...
2026-09-01 13:03:02.806 [info] Got 0 sessions for ...
2026-09-01 13:03:02.806 [info] Getting sessions for all scopes...
2026-09-01 13:03:02.806 [info] Got 0 sessions for ...
2026-09-01 13:03:02.806 [info] Getting sessions for read:user,user:email...
2026-09-01 13:03:02.806 [info] Got 0 sessions for read:user,user:email...
2026-09-01 13:03:02.806 [info] Getting sessions for read:user,user:email...
2026-09-01 13:03:02.806 [info] Got 0 sessions for read:user,user:email...
2026-09-01 13:03:02.806 [info] Getting sessions for read:user,user:email...
2026-09-01 13:03:02.806 [info] Got 0 sessions for read:user,user:email...
2026-09-01 13:03:02.806 [info] Getting sessions for read:user,user:email...
2026-09-01 13:03:02.806 [info] Got 0 sessions for read:user,user:email...
2026-09-01 13:03:02.806 [info] Getting sessions for read:user,user:email...
2026-09-01 13:03:02.806 [info] Got 0 sessions for read:user,user:email...
2026-09-01 13:03:02.806 [info] Getting sessions for read:user,user:email...
2026-09-01 13:03:02.806 [info] Got 0 sessions for read:user,user:email...
2026-09-01 13:03:02.806 [info] Getting sessions for read:user,user:email...
2026-09-01 13:03:02.806 [info] Got 0 sessions for read:user,user:email...
2026-09-01 13:03:02.806 [info] Getting sessions for read:user,user:email...
2026-09-01 13:03:02.806 [info] Got 0 sessions for read:user,user:email...
2026-09-01 13:03:02.806 [info] Getting sessions for read:user,user:email...
2026-09-01 13:03:02.806 [info] Got 0 sessions for read:user,user:email...
2026-09-01 13:03:02.806 [info] Getting sessions for read:user,user:email...
2026-09-01 13:03:02.806 [info] Got 0 sessions for read:user,user:email...
2026-09-01 13:03:02.806 [info] Getting sessions for read:user,user:email...
2026-09-01 13:03:02.806 [info] Got 0 sessions for read:user,user:email...
2026-09-01 13:03:02.806 [info] Getting sessions for read:user,user:email...
2026-09-01 13:03:02.806 [info] Got 0 sessions for read:user,user:email...
2026-09-01 13:03:02.806 [info] Getting sessions for read:user,user:email...
2026-09-01 13:03:02.806 [info] Got 0 sessions for read:user,user:email...
2026-09-01 13:03:02.806 [info] Getting sessions for read:user,user:email...
2026-09-01 13:03:02.806 [info] Got 0 sessions for read:user,user:email...
2026-09-01 13:03:02.806 [info] Getting sessions for read:user,user:email...
2026-09-01 13:03:02.806 [info] Got 0 sessions for read:user,user:email...
2026-09-01 13:03:02.806 [info] Getting sessions for read:user,user:email...
2026-09-01 13:03:02.806 [info] Got 0 sessions for read:user,user:email...
2026-09-01 13:03:02.806 [info] Getting sessions for read:user,user:email...
2026-09-01 13:03:02.806 [info] Got 0 sessions for read:user,user:email...
2026-09-01 13:03:02.806 [info] Getting sessions for all scopes...
2026-09-01 13:03:02.806 [info] Got 0 sessions for ...
2026-09-01 13:03:02.818 [info] Getting sessions for all scopes...
2026-09-01 13:03:02.818 [info] Got 0 sessions for ...
2026-09-01 13:03:02.830 [info] Getting sessions for all scopes...
2026-09-01 13:03:02.830 [info] Got 0 sessions for ...
2026-09-01 13:03:02.830 [info] Getting sessions for all scopes...
2026-09-01 13:03:02.830 [info] Got 0 sessions for ...
2026-09-01 13:03:02.831 [info] Getting sessions for all scopes...
2026-09-01 13:03:02.849 [info] Got 0 sessions for ...
2026-09-01 13:03:02.849 [info] Getting sessions for all scopes...
2026-09-01 13:03:02.849 [info] Got 0 sessions for ...
2026-09-01 13:03:02.849 [info] Getting sessions for all scopes...
2026-09-01 13:03:02.849 [info] Got 0 sessions for ...
2026-09-01 13:03:02.849 [info] Getting sessions for all scopes...
2026-09-01 13:03:02.849 [info] Got 0 sessions for ...
2026-09-01 13:03:02.849 [info] Getting sessions for all scopes...
2026-09-01 13:03:02.850 [info] Got 0 sessions for ...
2026-09-01 13:03:02.850 [info] Getting sessions for all scopes...
2026-09-01 13:03:02.850 [info] Got 0 sessions for ...
2026-09-01 13:03:02.850 [info] Getting sessions for all scopes...
2026-09-01 13:03:02.850 [info] Got 0 sessions for ...
2026-09-01 13:03:02.850 [info] Getting sessions for all scopes...
2026-09-01 13:03:02.850 [info] Got 0 sessions for ...
2026-09-01 13:03:02.850 [info] Getting sessions for all scopes...
2026-09-01 13:03:02.850 [info] Got 0 sessions for ...
2026-09-01 13:03:02.850 [info] Getting sessions for all scopes...
2026-09-01 13:03:02.850 [info] Got 0 sessions for ...
2026-09-01 13:03:02.850 [info] Getting sessions for all scopes...
2026-09-01 13:03:02.850 [info] Got 0 sessions for ...
2026-09-01 13:03:02.850 [info] Getting sessions for all scopes...
2026-09-01 13:03:02.850 [info] Got 0 sessions for ...
2026-09-01 13:03:02.850 [info] Getting sessions for all scopes...
2026-09-01 13:03:02.850 [info] Got 0 sessions for ...
2026-09-01 13:03:02.850 [info] Getting sessions for all scopes...
2026-09-01 13:03:02.850 [info] Got 0 sessions for ...
2026-09-01 13:03:02.850 [info] Getting sessions for all scopes...
2026-09-01 13:03:02.850 [info] Got 0 sessions for ...
2026-09-01 13:03:02.882 [info] Getting sessions for repo...
2026-09-01 13:03:02.882 [info] Got 0 sessions for repo...
2026-09-01 13:03:02.882 [info] Getting sessions for repo...
2026-09-01 13:03:02.882 [info] Got 0 sessions for repo...
2026-09-01 13:03:02.882 [info] Getting sessions for repo...
2026-09-01 13:03:02.882 [info] Got 0 sessions for repo...
2026-09-01 13:03:02.882 [info] Getting sessions for repo...
2026-09-01 13:03:02.882 [info] Got 0 sessions for repo...
2026-09-01 13:03:02.882 [info] Getting sessions for repo...
2026-09-01 13:03:02.882 [info] Got 0 sessions for repo...
2026-09-01 13:03:02.882 [info] Getting sessions for repo...
2026-09-01 13:03:02.882 [info] Got 0 sessions for repo...
2026-09-01 13:03:02.882 [info] Getting sessions for repo...
2026-09-01 13:03:02.882 [info] Got 0 sessions for repo...
2026-09-01 13:03:02.882 [info] Getting sessions for repo...
2026-09-01 13:03:02.882 [info] Got 0 sessions for repo...
2026-09-01 13:03:02.882 [info] Getting sessions for repo...
2026-09-01 13:03:02.882 [info] Got 0 sessions for repo...
2026-09-01 13:03:02.882 [info] Getting sessions for repo...
2026-09-01 13:03:02.882 [info] Got 0 sessions for repo...
2026-09-01 13:03:02.882 [info] Getting sessions for repo...
2026-09-01 13:03:02.882 [info] Got 0 sessions for repo...
2026-09-01 13:03:02.882 [info] Getting sessions for repo...
2026-09-01 13:03:02.882 [info] Got 0 sessions for repo...
2026-09-01 13:03:02.883 [info] Getting sessions for repo...
2026-09-01 13:03:02.883 [info] Got 0 sessions for repo...
2026-09-01 13:03:02.883 [info] Getting sessions for repo...
2026-09-01 13:03:02.883 [info] Got 0 sessions for repo...
2026-09-01 13:03:02.883 [info] Getting sessions for repo...
2026-09-01 13:03:02.883 [info] Got 0 sessions for repo...
2026-09-01 13:03:02.883 [info] Getting sessions for repo...
2026-09-01 13:03:02.883 [info] Got 0 sessions for repo...
2026-09-01 13:03:02.883 [info] Getting sessions for repo...
2026-09-01 13:03:02.883 [info] Got 0 sessions for repo...
2026-09-01 13:03:02.977 [info] Getting sessions for all scopes...
2026-09-01 13:03:02.977 [info] Got 0 sessions for ...
2026-09-01 13:03:02.977 [info] Getting sessions for all scopes...
2026-09-01 13:03:02.977 [info] Got 0 sessions for ...
2026-09-01 13:03:02.977 [info] Getting sessions for all scopes...
2026-09-01 13:03:02.977 [info] Got 0 sessions for ...
2026-09-01 13:03:02.977 [info] Getting sessions for all scopes...
2026-09-01 13:03:02.977 [info] Got 0 sessions for ...
2026-09-01 13:03:02.977 [info] Getting sessions for all scopes...
2026-09-01 13:03:02.977 [info] Got 0 sessions for ...
2026-09-01 13:03:02.977 [info] Getting sessions for all scopes...
2026-09-01 13:03:02.977 [info] Got 0 sessions for ...
2026-09-01 13:03:02.977 [info] Getting sessions for all scopes...
2026-09-01 13:03:02.977 [info] Got 0 sessions for ...
2026-09-01 13:03:02.977 [info] Getting sessions for all scopes...
2026-09-01 13:03:02.977 [info] Got 0 sessions for ...
2026-09-01 13:03:02.977 [info] Getting sessions for all scopes...
2026-09-01 13:03:02.978 [info] Got 0 sessions for ...
2026-09-01 13:03:02.978 [info] Getting sessions for all scopes...
2026-09-01 13:03:02.978 [info] Got 0 sessions for ...
2026-09-01 13:03:02.978 [info] Getting sessions for all scopes...
2026-09-01 13:03:02.978 [info] Got 0 sessions for ...
2026-09-01 13:03:02.978 [info] Getting sessions for all scopes...
2026-09-01 13:03:02.978 [info] Got 0 sessions for ...
2026-09-01 13:03:02.978 [info] Getting sessions for all scopes...
2026-09-01 13:03:02.978 [info] Got 0 sessions for ...
2026-09-01 13:03:02.978 [info] Getting sessions for all scopes...
2026-09-01 13:03:02.978 [info] Got 0 sessions for ...
2026-09-01 13:03:02.978 [info] Getting sessions for all scopes...
2026-09-01 13:03:02.978 [info] Got 0 sessions for ...
2026-09-01 13:03:02.978 [info] Getting sessions for all scopes...
2026-09-01 13:03:02.978 [info] Got 0 sessions for ...
2026-09-01 13:03:02.978 [info] Getting sessions for all scopes...
2026-09-01 13:03:02.978 [info] Got 0 sessions for ...
2026-09-01 13:03:04.243 [info] Getting sessions for all scopes...
2026-09-01 13:03:04.243 [info] Got 0 sessions for ...
