2026-09-01 13:11:34.589 [info] Reading sessions from keychain...
2026-09-01 13:11:34.589 [info] Getting sessions for all scopes...
2026-09-01 13:11:34.589 [info] Got 0 sessions for ...
2026-09-01 13:11:34.589 [info] Getting sessions for all scopes...
2026-09-01 13:11:34.589 [info] Got 0 sessions for ...
2026-09-01 13:11:34.589 [info] Getting sessions for all scopes...
2026-09-01 13:11:34.589 [info] Got 0 sessions for ...
2026-09-01 13:11:34.589 [info] Getting sessions for all scopes...
2026-09-01 13:11:34.589 [info] Got 0 sessions for ...
2026-09-01 13:11:34.589 [info] Getting sessions for all scopes...
2026-09-01 13:11:34.589 [info] Got 0 sessions for ...
2026-09-01 13:11:34.589 [info] Getting sessions for read:user,user:email...
2026-09-01 13:11:34.589 [info] Got 0 sessions for read:user,user:email...
2026-09-01 13:11:34.589 [info] Getting sessions for read:user,user:email...
2026-09-01 13:11:34.589 [info] Got 0 sessions for read:user,user:email...
2026-09-01 13:11:34.589 [info] Getting sessions for read:user,user:email...
2026-09-01 13:11:34.589 [info] Got 0 sessions for read:user,user:email...
2026-09-01 13:11:34.589 [info] Getting sessions for read:user,user:email...
2026-09-01 13:11:34.589 [info] Got 0 sessions for read:user,user:email...
2026-09-01 13:11:34.589 [info] Getting sessions for read:user,user:email...
2026-09-01 13:11:34.589 [info] Got 0 sessions for read:user,user:email...
2026-09-01 13:11:34.604 [info] Getting sessions for all scopes...
2026-09-01 13:11:34.604 [info] Got 0 sessions for ...
2026-09-01 13:11:34.616 [info] Getting sessions for all scopes...
2026-09-01 13:11:34.617 [info] Got 0 sessions for ...
2026-09-01 13:11:34.617 [info] Getting sessions for all scopes...
2026-09-01 13:11:34.617 [info] Got 0 sessions for ...
2026-09-01 13:11:34.618 [info] Getting sessions for all scopes...
2026-09-01 13:11:34.633 [info] Got 0 sessions for ...
2026-09-01 13:11:34.633 [info] Getting sessions for all scopes...
2026-09-01 13:11:34.633 [info] Got 0 sessions for ...
2026-09-01 13:11:34.634 [info] Getting sessions for all scopes...
2026-09-01 13:11:34.634 [info] Got 0 sessions for ...
2026-09-01 13:11:34.693 [info] Getting sessions for repo...
2026-09-01 13:11:34.693 [info] Got 0 sessions for repo...
2026-09-01 13:11:34.693 [info] Getting sessions for repo...
2026-09-01 13:11:34.693 [info] Got 0 sessions for repo...
2026-09-01 13:11:34.693 [info] Getting sessions for repo...
2026-09-01 13:11:34.693 [info] Got 0 sessions for repo...
2026-09-01 13:11:34.693 [info] Getting sessions for repo...
2026-09-01 13:11:34.693 [info] Got 0 sessions for repo...
2026-09-01 13:11:34.694 [info] Getting sessions for repo...
2026-09-01 13:11:34.694 [info] Got 0 sessions for repo...
2026-09-01 13:11:34.748 [info] Getting sessions for all scopes...
2026-09-01 13:11:34.748 [info] Got 0 sessions for ...
2026-09-01 13:11:34.748 [info] Getting sessions for all scopes...
2026-09-01 13:11:34.748 [info] Got 0 sessions for ...
2026-09-01 13:11:34.748 [info] Getting sessions for all scopes...
2026-09-01 13:11:34.748 [info] Got 0 sessions for ...
2026-09-01 13:11:34.748 [info] Getting sessions for all scopes...
2026-09-01 13:11:34.748 [info] Got 0 sessions for ...
2026-09-01 13:11:34.748 [info] Getting sessions for all scopes...
2026-09-01 13:11:34.748 [info] Got 0 sessions for ...
2026-09-01 13:11:36.024 [info] Getting sessions for all scopes...
2026-09-01 13:11:36.024 [info] Got 0 sessions for ...
