[13:02:59] [::ffff:172.17.0.1][37727011][ManagementConnection] Unknown reconnection token (never seen).
[13:02:59] [::ffff:172.17.0.1][c5990dd2][ExtensionHostConnection] Unknown reconnection token (never seen).
File not found: /app/code-server/lib/vscode/node_modules/vsda/rust/web/vsda_bg.wasm
File not found: /app/code-server/lib/vscode/node_modules/vsda/rust/web/vsda.js
File not found: /app/code-server/lib/vscode/node_modules/vsda/rust/web/vsda.js
File not found: /app/code-server/lib/vscode/node_modules/vsda/rust/web/vsda_bg.wasm
File not found: /app/code-server/lib/vscode/node_modules/vsda/rust/web/vsda.js
File not found: /app/code-server/lib/vscode/node_modules/vsda/rust/web/vsda_bg.wasm
[13:04:38] RequestStore#acceptReply was called without receiving a matching request 45
[13:04:38] RequestStore#acceptReply was called without receiving a matching request 46
[13:04:38] RequestStore#acceptReply was called without receiving a matching request 47
[13:04:38] RequestStore#acceptReply was called without receiving a matching request 48
[13:04:38] RequestStore#acceptReply was called without receiving a matching request 49
[13:04:38] RequestStore#acceptReply was called without receiving a matching request 50
[13:04:38] RequestStore#acceptReply was called without receiving a matching request 51
[13:04:38] RequestStore#acceptReply was called without receiving a matching request 52
[13:04:38] RequestStore#acceptReply was called without receiving a matching request 53
[13:04:38] RequestStore#acceptReply was called without receiving a matching request 54
[13:04:38] RequestStore#acceptReply was called without receiving a matching request 55
[13:04:40] RequestStore#acceptReply was called without receiving a matching request 56
[13:04:40] RequestStore#acceptReply was called without receiving a matching request 57
[13:04:40] RequestStore#acceptReply was called without receiving a matching request 58
[13:04:40] RequestStore#acceptReply was called without receiving a matching request 59
[13:04:40] RequestStore#acceptReply was called without receiving a matching request 60
[13:04:40] RequestStore#acceptReply was called without receiving a matching request 61
[13:04:40] RequestStore#acceptReply was called without receiving a matching request 62
[13:04:40] RequestStore#acceptReply was called without receiving a matching request 63
[13:04:40] RequestStore#acceptReply was called without receiving a matching request 64
[13:04:40] RequestStore#acceptReply was called without receiving a matching request 65
[13:04:40] RequestStore#acceptReply was called without receiving a matching request 66
a socket was left hanging
a socket was left hanging
a socket was left hanging
a socket was left hanging
a socket was left hanging
[13:11:30] [::ffff:172.17.0.1][57dc9887][ManagementConnection] Unknown reconnection token (never seen).
[13:11:30] [::ffff:172.17.0.1][8db36fd5][ManagementConnection] Unknown reconnection token (never seen).
[13:11:30] [::ffff:172.17.0.1][d326f0fb][ExtensionHostConnection] Unknown reconnection token (never seen).
[13:11:30] [::ffff:172.17.0.1][81f97c96][ExtensionHostConnection] Unknown reconnection token (never seen).
File not found: /app/code-server/lib/vscode/node_modules/vsda/rust/web/vsda_bg.wasm
File not found: /app/code-server/lib/vscode/node_modules/vsda/rust/web/vsda.js
File not found: /app/code-server/lib/vscode/node_modules/vsda/rust/web/vsda_bg.wasm
File not found: /app/code-server/lib/vscode/node_modules/vsda/rust/web/vsda.js
File not found: /app/code-server/lib/vscode/node_modules/vsda/rust/web/vsda.js
File not found: /app/code-server/lib/vscode/node_modules/vsda/rust/web/vsda_bg.wasm
[13:11:52] RequestStore#acceptReply was called without receiving a matching request 45
[13:11:52] RequestStore#acceptReply was called without receiving a matching request 46
[13:11:52] RequestStore#acceptReply was called without receiving a matching request 47
[13:11:52] RequestStore#acceptReply was called without receiving a matching request 48
[13:11:52] RequestStore#acceptReply was called without receiving a matching request 49
[13:11:52] RequestStore#acceptReply was called without receiving a matching request 50
[13:11:52] RequestStore#acceptReply was called without receiving a matching request 51
[13:11:52] RequestStore#acceptReply was called without receiving a matching request 52
[13:11:52] RequestStore#acceptReply was called without receiving a matching request 53
[13:11:52] RequestStore#acceptReply was called without receiving a matching request 54
[13:11:52] RequestStore#acceptReply was called without receiving a matching request 55
[13:11:54] RequestStore#acceptReply was called without receiving a matching request 56
[13:11:54] RequestStore#acceptReply was called without receiving a matching request 57
[13:11:54] RequestStore#acceptReply was called without receiving a matching request 58
[13:11:54] RequestStore#acceptReply was called without receiving a matching request 59
[13:11:54] RequestStore#acceptReply was called without receiving a matching request 60
[13:11:54] RequestStore#acceptReply was called without receiving a matching request 61
[13:11:54] RequestStore#acceptReply was called without receiving a matching request 62
[13:11:54] RequestStore#acceptReply was called without receiving a matching request 63
[13:11:54] RequestStore#acceptReply was called without receiving a matching request 64
[13:11:54] RequestStore#acceptReply was called without receiving a matching request 65
[13:11:54] RequestStore#acceptReply was called without receiving a matching request 66
